<!DOCTYPE html>
<html lang="en">
<head>
    <meta charset="UTF-8">
    <title>Example Test</title>
</head>
<body>
<p>This example show that content can be included using include path.html</p>
    <nav>
    <ul>
        <li>Link</li>

        <li>Link</li>

        <li>Link</li>

    </ul>
</nav>


    "missing.html" file not found.
</body>
</html>
